// Jest Snapshot v1, https://goo.gl/fbAQLP

exports[`RadioGroup renders correctly 1`] = `
<div>
  <div
    class="___17ne5cp f22iagw f6jr5hl f1aaj51y ft97ctm f1vx9l62"
    role="radiogroup"
  >
    Test
  </div>
</div>
`;
