// Jest Snapshot v1, https://goo.gl/fbAQLP

exports[`CardRow renders a basic CardRow 1`] = `
<body>
  <div>
    <div
      class="___130uk7d f22iagw f1063pyq f122n59 fi64zpg fnmxc1e fynvm4a"
    >
      This is a test
    </div>
  </div>
</body>
`;
