// Jest Snapshot v1, https://goo.gl/fbAQLP

exports[`AccordionHeader Snapshot tests renders a basic AccordionHeader 1`] = `
<body>
  <div>
    <div
      class="___1qjmscb fvalcr8 f1wac4k f1t8un4 f1qo5dib f10pi13n f22iagw f122n59 f1p3nwhy f11589ue f1q5o8ev f1pdflbu f3rmtva f1e4lqlz fc467gg f1mo0ibp f1arxnym fytdu2e f37px4s f1xqy1su fgusgyc f1k6fduh fvfw249"
    >
      <button
        aria-expanded="false"
        class="___pdfdv00 f10pi13n f22iagw f122n59 f1p3nwhy f11589ue f1q5o8ev f1pdflbu f3rmtva f1e4lqlz fc467gg f1mo0ibp f1arxnym fytdu2e f37px4s f1xqy1su fgusgyc f1k6fduh fvfw249"
      >
        <span
          aria-hidden="true"
        >
          <svg
            aria-hidden="true"
            class="___1yjlmar f1w7gpdv fez10in f1kxrtqx"
            fill="currentColor"
            height="1em"
            transform="rotate(0)"
            viewBox="0 0 20 20"
            width="1em"
            xmlns="http://www.w3.org/2000/svg"
          >
            <path
              d="M7.65 4.15c.2-.2.5-.2.7 0l5.49 5.46c.21.22.21.57 0 .78l-5.49 5.46a.5.5 0 01-.7-.7L12.8 10 7.65 4.85a.5.5 0 010-.7z"
            />
          </svg>
        </span>
        Test
      </button>
    </div>
  </div>
</body>
`;
