// Jest Snapshot v1, https://goo.gl/fbAQLP

exports[`Option renders a basic InputWrapper 1`] = `
<body>
  <div>
    <div
      aria-checked="false"
      class="___1x7e2fi f10pi13n f22iagw fvfw249 f1nbblvp f10sqwl7 f1ov4xf1 fne32i3 f8qjfyk fk6fouc f1arxnym f122n59 f1xqy1su fc467gg fnmxc1e fynvm4a f2hkw1w fdxsi5y f1i4q40k fa0joat f1yduw8h f1cwgisr f6dtr1x fvk4ntw f1bkt4b4 f16hf5f2 fyyqeim f1qhqcal f1kbdjx9 fw1d893 f14hlsw1 fpuz8dn fbw1f98 f8d6am2 f1gpnaou f11mktvj f1k6fduh fkcovh2 fc73jsq f8mbk1b f3c9x3h"
      name="select"
      role="menuitemradio"
      tabindex="0"
    >
      <span
        class="___lrcp890 fjw5fx7 fd461yt fd7fpy0"
      >
        <svg
          aria-hidden="true"
          class="___1yjlmar f1w7gpdv fez10in f1kxrtqx"
          fill="currentColor"
          height="16"
          viewBox="0 0 16 16"
          width="16"
          xmlns="http://www.w3.org/2000/svg"
        >
          <path
            d="M14.05 3.49c.28.3.27.77-.04 1.06l-7.93 7.47A.85.85 0 014.9 12L2.22 9.28a.75.75 0 111.06-1.06l2.24 2.27 7.47-7.04a.75.75 0 011.06.04z"
          />
        </svg>
      </span>
    </div>
  </div>
</body>
`;
