// Jest Snapshot v1, https://goo.gl/fbAQLP

exports[`Card renders a basic Card 1`] = `
<body>
  <div>
    <div
      class="___1ba5muk f1vx9l62 f8qjfyk fk7qxxv f10sqwl7 f1eg49sl fne32i3 fi64zpg fnmxc1e fynvm4a f1ern45e f1n71otn f1h8hb77 f1deefiw fl4n2cu f1rbvai9 f13ju9t4 f1lh17z1 f1dlw1sp f22iagw"
      data-tabster="{\\"groupper\\":{\\"tabbability\\":2}}"
      role="group"
    >
      This is a card.
    </div>
  </div>
</body>
`;
