// Jest Snapshot v1, https://goo.gl/fbAQLP

exports[`Input renders a basic input 1`] = `
<body>
  <div>
    <span
      class="pongo-input-wrapper ___y0dmvi0 f10pi13n f1ewtqcl ftuwxu6 fv68sux fp6vxd fa4t5tb flvyvdh fc467gg f8qjfyk fk6fouc f4d9j23 f1lmfglv fibjyge f1abmfm4 f9yszdx f1nbblvp fifp7yv f1ov4xf1 f1asdtw4 f1ern45e f1n71otn f1h8hb77 f1deefiw f1arxnym fqzc6w8 fuzzvh5 fxf9f1y frdto5n ff0gctb f3zr33r f8g0ba1 f5uakvk frcipv9 f199l62q f1pa2qi2 fyqop9u f1ooiv2t f1bwkb58 fiio4mc f1m5ya7j fc8z0qo fmw406p f12c27rx f17thq47 f12kdog7 f5qrn4q f1kndqco f1kc1xys f1d7l9b4 f16n8puj fkcy365 f5le7dr f170vdtw fg4eyww f1cngt4b f17x5ctf fbk6y72 f1uajmgh f11t0hz4 f2v3se5 f18saz9o f80sxui f19q3xa0 fzmdvw2 fbh30h8"
      data-tabster="{\\"groupper\\":{\\"tabbability\\":2}}"
      style="--pongo-input-line-height: 45px; --pongo-input-width: 200px;"
    >
      <input
        class="___19ah7w0 f1klrjes fsyuiy0 f1lmfglv fibjyge f1abmfm4 f9yszdx f1nbblvp f81rol6 f1ov4xf1 frdkuqy f1ern45e f1n71otn f1h8hb77 f1deefiw f1rbvai9 f13ju9t4 f1lh17z1 f1dlw1sp f1ewtqcl fqerorx f1l02sjl f3rmtva f2hkw1w f113hnb5 fc467gg f1vw2ftv f13ta7ih f1arxnym"
        type="text"
        value=""
      />
    </span>
  </div>
</body>
`;

exports[`Input renders a danger input 1`] = `
<body>
  <div>
    <span
      class="pongo-input-wrapper ___vt1aw30 f10pi13n f1ewtqcl ftuwxu6 fv68sux fp6vxd fa4t5tb flvyvdh fc467gg f8qjfyk fk6fouc f4d9j23 f1lmfglv fibjyge f1abmfm4 f9yszdx f1nbblvp fifp7yv f1ov4xf1 f1asdtw4 f1ern45e f1n71otn f1h8hb77 f1deefiw f1arxnym fqzc6w8 fuzzvh5 fxf9f1y frdto5n ff0gctb f3zr33r f8g0ba1 f5uakvk frcipv9 f199l62q f1pa2qi2 fyqop9u f1ooiv2t f1bwkb58 fiio4mc f1m5ya7j fc8z0qo f1tsuuen f1jyinwm f1gmfdaf ff4t21v f5qrn4q f1kndqco f1kc1xys f1d7l9b4 f16n8puj fkcy365 f5le7dr f170vdtw f1md1kfu f1385xuj fwuljub fophbcs f1uajmgh f11t0hz4 f2v3se5 f18saz9o f4heoct fzmdvw2 fbh30h8"
      data-tabster="{\\"groupper\\":{\\"tabbability\\":2}}"
      style="--pongo-input-line-height: 45px; --pongo-input-width: 200px;"
    >
      <input
        aria-invalid="true"
        class="___a90x680 f1klrjes fsyuiy0 f1lmfglv fibjyge f1abmfm4 f9yszdx f1nbblvp f81rol6 f1ov4xf1 frdkuqy f1ern45e f1n71otn f1h8hb77 f1deefiw f1rbvai9 f13ju9t4 f1lh17z1 f1dlw1sp f1ewtqcl fqerorx f1l02sjl f3rmtva f2hkw1w f113hnb5 fc467gg f1lxi41g f13ta7ih f1arxnym"
        type="text"
        value=""
      />
    </span>
  </div>
</body>
`;

exports[`Input renders a disabled input 1`] = `
<body>
  <div>
    <span
      class="pongo-input-wrapper ___136cyr8 f10pi13n f1ewtqcl ftuwxu6 fv68sux fp6vxd fa4t5tb flvyvdh fc467gg f8qjfyk fk6fouc f4d9j23 f1lmfglv fibjyge f1abmfm4 f9yszdx f1nbblvp fifp7yv f1ov4xf1 f1asdtw4 f1ern45e f1n71otn f1h8hb77 f1deefiw f1arxnym fqzc6w8 fuzzvh5 fxf9f1y frdto5n ff0gctb f3zr33r f8g0ba1 f5uakvk frcipv9 f199l62q f1pa2qi2 fyqop9u f1ooiv2t f1bwkb58 fiio4mc f1m5ya7j fc8z0qo flm3n1z f1pltsua f15x2d8x fhngjcl f5qrn4q f1kndqco f1kc1xys f1d7l9b4"
      data-tabster="{\\"groupper\\":{\\"tabbability\\":2}}"
      style="--pongo-input-line-height: 45px; --pongo-input-width: 200px;"
    >
      <input
        class="___ll66jt0 f1klrjes fsyuiy0 f1lmfglv fibjyge f1abmfm4 f9yszdx f1nbblvp f81rol6 f1ov4xf1 frdkuqy f1ern45e f1n71otn f1h8hb77 f1deefiw f1rbvai9 f13ju9t4 f1lh17z1 f1dlw1sp f1ewtqcl fqerorx f1l02sjl f3rmtva f2hkw1w fdrzuqr favx1wl fgbidd3 f13ta7ih f1arxnym"
        disabled=""
        type="text"
        value=""
      />
    </span>
  </div>
</body>
`;

exports[`Input renders a label Input 1`] = `
<body>
  <div>
    <span
      class="pongo-input-wrapper ___y0dmvi0 f10pi13n f1ewtqcl ftuwxu6 fv68sux fp6vxd fa4t5tb flvyvdh fc467gg f8qjfyk fk6fouc f4d9j23 f1lmfglv fibjyge f1abmfm4 f9yszdx f1nbblvp fifp7yv f1ov4xf1 f1asdtw4 f1ern45e f1n71otn f1h8hb77 f1deefiw f1arxnym fqzc6w8 fuzzvh5 fxf9f1y frdto5n ff0gctb f3zr33r f8g0ba1 f5uakvk frcipv9 f199l62q f1pa2qi2 fyqop9u f1ooiv2t f1bwkb58 fiio4mc f1m5ya7j fc8z0qo fmw406p f12c27rx f17thq47 f12kdog7 f5qrn4q f1kndqco f1kc1xys f1d7l9b4 f16n8puj fkcy365 f5le7dr f170vdtw fg4eyww f1cngt4b f17x5ctf fbk6y72 f1uajmgh f11t0hz4 f2v3se5 f18saz9o f80sxui f19q3xa0 fzmdvw2 fbh30h8"
      data-tabster="{\\"groupper\\":{\\"tabbability\\":2}}"
      style="--pongo-input-line-height: 45px; --pongo-input-width: 200px;"
    >
      <label
        class="pongo-input-label ___3vyzt00 f1euv43f f1lmfglv fibjyge f1abmfm4 f9yszdx f1nbblvp f12huiiw f1ov4xf1 f161knb0 fpnytvn f9j3dip f1ysjbbf fk6fouc fz5stix f1q148li f1cmbuwj f1sdsnyy f1aehjj5 f1xqy1su ftuwxu6 fi64zpg fc7pyfw f122n59 fvz7k9s fkfijr0 fsxfru3 fuzzvh5 fxf9f1y ff0gctb f8g0ba1 fsa65no f5uakvk frcipv9 fsm07gi f1qo5dib fb322o2"
        for="input-label1"
      >
        test
      </label>
      <input
        class="___19ah7w0 f1klrjes fsyuiy0 f1lmfglv fibjyge f1abmfm4 f9yszdx f1nbblvp f81rol6 f1ov4xf1 frdkuqy f1ern45e f1n71otn f1h8hb77 f1deefiw f1rbvai9 f13ju9t4 f1lh17z1 f1dlw1sp f1ewtqcl fqerorx f1l02sjl f3rmtva f2hkw1w f113hnb5 fc467gg f1vw2ftv f13ta7ih f1arxnym"
        id="input-label1"
        type="text"
        value=""
      />
    </span>
  </div>
</body>
`;
