// Jest Snapshot v1, https://goo.gl/fbAQLP

exports[`Accordion Snapshot tests renders a basic Accordion 1`] = `
<body>
  <div>
    <div />
  </div>
</body>
`;
