// Jest Snapshot v1, https://goo.gl/fbAQLP

exports[`Button Rendered as anchor renders correctly 1`] = `
<div>
  <a
    class="___17wu46i f10pi13n ftuwxu6 f122n59 f4d9j23 fmrv4ls f1iqk1t4 fkfijr0 fsxfru3 fk6fouc fmd4ok8 ffu84w5 f1s6fcnf f2hkw1w fdxsi5y f1i4q40k f1ab1e41 f1jd910e f1nw9czy f21wkpv fvk4ntw f1bkt4b4 f16hf5f2 fyyqeim f1qhqcal f1kbdjx9 fw1d893 f14hlsw1 fpuz8dn fgm4zzz f1o1s7a4 f1w999bl fr2bnm2 fs1pkn2 f1uv12qj fygjnvu f19a3h24 f1k6fduh fzbgb85 f1d3e705 f8qjfyk f5ogflp f1hqa2wf f1f09k3d finvdd3 fzkkow9 fcdblym fg706s2 fjik90z f115dyy7 f1hmi1p7 f1qx9txk fum5b59 f1qhemxn f1tqsw9j fjqzb2 f1412l3w f4re5gv fudp8vv fbjsao4 f1mpkq40 fb3yuvq fg11f5z f6neqwf f71xtra f12v68sz f1f9t5xu fcv2ht4 fgfbwa2 f1y3hx6l f1g0x7ka f1gbmcue f1qch9an f1rh9g5y f1arxnym f1rbvai9 f13ju9t4 f1lh17z1 f1dlw1sp"
    href="https://www.bing.com"
    role="button"
    style="--cebus-button-background-color: var(--inherit); --pongo-button-hover-color: var(--inheritHover); --pongo-button-pressed-color: var(--inheritPressed); --pongo-foreground-hover-color: var(--inheritForegroundHover); --pongo-foreground-pressed-color: var(--inheritForegroundPressed);"
    tabindex="0"
    type="button"
  >
    This is a button
  </a>
</div>
`;
