// Jest Snapshot v1, https://goo.gl/fbAQLP

exports[`AccordionPanel Snapshot tests renders a basic AccordionPanel 1`] = `
<body>
  <div />
</body>
`;
